2025-12-30T11:00:07.108185Z TRACE ThreadId(01) version: 1.18.0
2025-12-30T11:00:07.108267Z TRACE ThreadId(01) platform: windows
2025-12-30T11:00:07.108284Z TRACE ThreadId(01) args: [
    "C:\\Users\\Swift\\AppData\\Local\\Microsoft\\WinGet\\Links\\hemtt.exe",
    "release",
]
2025-12-30T11:00:07.108596Z TRACE ThreadId(01) using temporary folder: "C:\\Users\\Swift\\AppData\\Local\\Temp\\hemtt\\GitHub_A_Rebel_Mod"
2025-12-30T11:00:07.108609Z TRACE ThreadId(01) using project folder: "E:\\GitHub\\A_Rebel_Mod"
2025-12-30T11:00:07.108643Z TRACE ThreadId(01) using out folder: "E:\\GitHub\\A_Rebel_Mod\\.hemttout"
2025-12-30T11:00:07.131875Z TRACE ThreadId(01) using build folder: "E:\\GitHub\\A_Rebel_Mod\\.hemttout\\release"
2025-12-30T11:00:07.528585Z TRACE ThreadId(01) config.cpp: VfsPath { path: "/addons/weapons/config.cpp", fs: VFS { fs: OverlayFS { layers: [VfsPath { path: "", fs: VFS { fs: In Memory File System } }, VfsPath { path: "", fs: VFS { fs: AltrootFS { root: VfsPath { path: "", fs: VFS { fs: PhysicalFS { root: "C:\\Users\\Swift\\AppData\\Local\\Temp\\hemtt\\GitHub_A_Rebel_Mod\\hemtt_binarize_output" } } } } } }, VfsPath { path: "", fs: VFS { fs: AltrootFS { root: VfsPath { path: "", fs: VFS { fs: PhysicalFS { root: "E:\\GitHub\\A_Rebel_Mod" } } } } } }] } } }
2025-12-30T11:00:07.528667Z TRACE ThreadId(01) Prefix: VfsPath { path: "/addons/weapons/$PBOPREFIX$", fs: VFS { fs: OverlayFS { layers: [VfsPath { path: "", fs: VFS { fs: In Memory File System } }, VfsPath { path: "", fs: VFS { fs: AltrootFS { root: VfsPath { path: "", fs: VFS { fs: PhysicalFS { root: "C:\\Users\\Swift\\AppData\\Local\\Temp\\hemtt\\GitHub_A_Rebel_Mod\\hemtt_binarize_output" } } } } } }, VfsPath { path: "", fs: VFS { fs: AltrootFS { root: VfsPath { path: "", fs: VFS { fs: PhysicalFS { root: "E:\\GitHub\\A_Rebel_Mod" } } } } } }] } } }
2025-12-30T11:00:07.528951Z TRACE ThreadId(01) Prefix: VfsPath { path: "/addons/equipment/$PBOPREFIX$", fs: VFS { fs: OverlayFS { layers: [VfsPath { path: "", fs: VFS { fs: In Memory File System } }, VfsPath { path: "", fs: VFS { fs: AltrootFS { root: VfsPath { path: "", fs: VFS { fs: PhysicalFS { root: "C:\\Users\\Swift\\AppData\\Local\\Temp\\hemtt\\GitHub_A_Rebel_Mod\\hemtt_binarize_output" } } } } } }, VfsPath { path: "", fs: VFS { fs: AltrootFS { root: VfsPath { path: "", fs: VFS { fs: PhysicalFS { root: "E:\\GitHub\\A_Rebel_Mod" } } } } } }] } } }
2025-12-30T11:00:07.529120Z TRACE ThreadId(01) config.cpp: VfsPath { path: "/addons/equipment/config.cpp", fs: VFS { fs: OverlayFS { layers: [VfsPath { path: "", fs: VFS { fs: In Memory File System } }, VfsPath { path: "", fs: VFS { fs: AltrootFS { root: VfsPath { path: "", fs: VFS { fs: PhysicalFS { root: "C:\\Users\\Swift\\AppData\\Local\\Temp\\hemtt\\GitHub_A_Rebel_Mod\\hemtt_binarize_output" } } } } } }, VfsPath { path: "", fs: VFS { fs: AltrootFS { root: VfsPath { path: "", fs: VFS { fs: PhysicalFS { root: "E:\\GitHub\\A_Rebel_Mod" } } } } } }] } } }
2025-12-30T11:00:07.530608Z TRACE ThreadId(01) Prefix: VfsPath { path: "/addons/core/$PBOPREFIX$", fs: VFS { fs: OverlayFS { layers: [VfsPath { path: "", fs: VFS { fs: In Memory File System } }, VfsPath { path: "", fs: VFS { fs: AltrootFS { root: VfsPath { path: "", fs: VFS { fs: PhysicalFS { root: "C:\\Users\\Swift\\AppData\\Local\\Temp\\hemtt\\GitHub_A_Rebel_Mod\\hemtt_binarize_output" } } } } } }, VfsPath { path: "", fs: VFS { fs: AltrootFS { root: VfsPath { path: "", fs: VFS { fs: PhysicalFS { root: "E:\\GitHub\\A_Rebel_Mod" } } } } } }] } } }
2025-12-30T11:00:07.530755Z TRACE ThreadId(01) config.cpp: VfsPath { path: "/addons/core/config.cpp", fs: VFS { fs: OverlayFS { layers: [VfsPath { path: "", fs: VFS { fs: In Memory File System } }, VfsPath { path: "", fs: VFS { fs: AltrootFS { root: VfsPath { path: "", fs: VFS { fs: PhysicalFS { root: "C:\\Users\\Swift\\AppData\\Local\\Temp\\hemtt\\GitHub_A_Rebel_Mod\\hemtt_binarize_output" } } } } } }, VfsPath { path: "", fs: VFS { fs: AltrootFS { root: VfsPath { path: "", fs: VFS { fs: PhysicalFS { root: "E:\\GitHub\\A_Rebel_Mod" } } } } } }] } } }
2025-12-30T11:00:07.531301Z TRACE ThreadId(01) config.cpp: VfsPath { path: "/addons/core/TFAR/config.cpp", fs: VFS { fs: OverlayFS { layers: [VfsPath { path: "", fs: VFS { fs: In Memory File System } }, VfsPath { path: "", fs: VFS { fs: AltrootFS { root: VfsPath { path: "", fs: VFS { fs: PhysicalFS { root: "C:\\Users\\Swift\\AppData\\Local\\Temp\\hemtt\\GitHub_A_Rebel_Mod\\hemtt_binarize_output" } } } } } }, VfsPath { path: "", fs: VFS { fs: AltrootFS { root: VfsPath { path: "", fs: VFS { fs: PhysicalFS { root: "E:\\GitHub\\A_Rebel_Mod" } } } } } }] } } }
2025-12-30T11:00:07.531903Z TRACE ThreadId(01) Prefix: VfsPath { path: "/addons/imperials/$PBOPREFIX$", fs: VFS { fs: OverlayFS { layers: [VfsPath { path: "", fs: VFS { fs: In Memory File System } }, VfsPath { path: "", fs: VFS { fs: AltrootFS { root: VfsPath { path: "", fs: VFS { fs: PhysicalFS { root: "C:\\Users\\Swift\\AppData\\Local\\Temp\\hemtt\\GitHub_A_Rebel_Mod\\hemtt_binarize_output" } } } } } }, VfsPath { path: "", fs: VFS { fs: AltrootFS { root: VfsPath { path: "", fs: VFS { fs: PhysicalFS { root: "E:\\GitHub\\A_Rebel_Mod" } } } } } }] } } }
2025-12-30T11:00:07.532158Z TRACE ThreadId(01) config.cpp: VfsPath { path: "/addons/imperials/HC_Stormtroopers/config.cpp", fs: VFS { fs: OverlayFS { layers: [VfsPath { path: "", fs: VFS { fs: In Memory File System } }, VfsPath { path: "", fs: VFS { fs: AltrootFS { root: VfsPath { path: "", fs: VFS { fs: PhysicalFS { root: "C:\\Users\\Swift\\AppData\\Local\\Temp\\hemtt\\GitHub_A_Rebel_Mod\\hemtt_binarize_output" } } } } } }, VfsPath { path: "", fs: VFS { fs: AltrootFS { root: VfsPath { path: "", fs: VFS { fs: PhysicalFS { root: "E:\\GitHub\\A_Rebel_Mod" } } } } } }] } } }
2025-12-30T11:00:07.532244Z TRACE ThreadId(01) config.cpp: VfsPath { path: "/addons/imperials/HC_Army/config.cpp", fs: VFS { fs: OverlayFS { layers: [VfsPath { path: "", fs: VFS { fs: In Memory File System } }, VfsPath { path: "", fs: VFS { fs: AltrootFS { root: VfsPath { path: "", fs: VFS { fs: PhysicalFS { root: "C:\\Users\\Swift\\AppData\\Local\\Temp\\hemtt\\GitHub_A_Rebel_Mod\\hemtt_binarize_output" } } } } } }, VfsPath { path: "", fs: VFS { fs: AltrootFS { root: VfsPath { path: "", fs: VFS { fs: PhysicalFS { root: "E:\\GitHub\\A_Rebel_Mod" } } } } } }] } } }
2025-12-30T11:00:07.532356Z TRACE ThreadId(01) config.cpp: VfsPath { path: "/addons/vehicles/config.cpp", fs: VFS { fs: OverlayFS { layers: [VfsPath { path: "", fs: VFS { fs: In Memory File System } }, VfsPath { path: "", fs: VFS { fs: AltrootFS { root: VfsPath { path: "", fs: VFS { fs: PhysicalFS { root: "C:\\Users\\Swift\\AppData\\Local\\Temp\\hemtt\\GitHub_A_Rebel_Mod\\hemtt_binarize_output" } } } } } }, VfsPath { path: "", fs: VFS { fs: AltrootFS { root: VfsPath { path: "", fs: VFS { fs: PhysicalFS { root: "E:\\GitHub\\A_Rebel_Mod" } } } } } }] } } }
2025-12-30T11:00:07.532395Z TRACE ThreadId(01) Prefix: VfsPath { path: "/addons/vehicles/$PBOPREFIX$", fs: VFS { fs: OverlayFS { layers: [VfsPath { path: "", fs: VFS { fs: In Memory File System } }, VfsPath { path: "", fs: VFS { fs: AltrootFS { root: VfsPath { path: "", fs: VFS { fs: PhysicalFS { root: "C:\\Users\\Swift\\AppData\\Local\\Temp\\hemtt\\GitHub_A_Rebel_Mod\\hemtt_binarize_output" } } } } } }, VfsPath { path: "", fs: VFS { fs: AltrootFS { root: VfsPath { path: "", fs: VFS { fs: PhysicalFS { root: "E:\\GitHub\\A_Rebel_Mod" } } } } } }] } } }
2025-12-30T11:00:07.532688Z TRACE ThreadId(01) reading version from project.toml
2025-12-30T11:00:07.537665Z  INFO ThreadId(01) Config loaded for Horizon Company Auxiliary Mod 1.0.4.3-4d450b81
2025-12-30T11:00:07.537699Z TRACE ThreadId(01) Scanning E:\GitHub\A_Rebel_Mod\addons for addons
2025-12-30T11:00:07.539297Z DEBUG ThreadId(01) using global config directory: "C:\\Users\\Swift\\AppData\\Roaming\\hemtt"
2025-12-30T11:00:07.539358Z TRACE ThreadId(01) phase: init (BOM Check) (start)
2025-12-30T11:00:07.539366Z TRACE ThreadId(01) phase: init (BOM Check) (done)
2025-12-30T11:00:07.539368Z TRACE ThreadId(01) phase: init (Final New Line Check) (start)
2025-12-30T11:00:07.539370Z TRACE ThreadId(01) phase: init (Final New Line Check) (done)
2025-12-30T11:00:07.539375Z TRACE ThreadId(01) phase: init (Hooks) (start)
2025-12-30T11:00:07.539393Z TRACE ThreadId(01) no hooks folder
2025-12-30T11:00:07.539395Z TRACE ThreadId(01) phase: init (Hooks) (done)
2025-12-30T11:00:07.539397Z TRACE ThreadId(01) phase: init (Binarize) (start)
2025-12-30T11:00:07.539403Z TRACE ThreadId(01) Using Binarize path from registry
2025-12-30T11:00:07.539869Z TRACE ThreadId(01) junction link "C:\\Users\\Swift\\AppData\\Local\\Temp\\hemtt\\GitHub_A_Rebel_Mod\\hca_core" => "E:\\GitHub\\A_Rebel_Mod\\addons\\core"
2025-12-30T11:00:07.555390Z TRACE ThreadId(01) junction link "C:\\Users\\Swift\\AppData\\Local\\Temp\\hemtt\\GitHub_A_Rebel_Mod\\hca_equipment" => "E:\\GitHub\\A_Rebel_Mod\\addons\\equipment"
2025-12-30T11:00:07.567871Z TRACE ThreadId(01) junction link "C:\\Users\\Swift\\AppData\\Local\\Temp\\hemtt\\GitHub_A_Rebel_Mod\\hca_imperials" => "E:\\GitHub\\A_Rebel_Mod\\addons\\imperials"
2025-12-30T11:00:07.578612Z TRACE ThreadId(01) junction link "C:\\Users\\Swift\\AppData\\Local\\Temp\\hemtt\\GitHub_A_Rebel_Mod\\hca_vehicles" => "E:\\GitHub\\A_Rebel_Mod\\addons\\vehicles"
2025-12-30T11:00:07.589183Z TRACE ThreadId(01) junction link "C:\\Users\\Swift\\AppData\\Local\\Temp\\hemtt\\GitHub_A_Rebel_Mod\\hca_weapons" => "E:\\GitHub\\A_Rebel_Mod\\addons\\weapons"
2025-12-30T11:00:07.598223Z TRACE ThreadId(01) phase: init (Binarize) (done)
2025-12-30T11:00:07.598241Z TRACE ThreadId(01) phase: init (tex_headers) (start)
2025-12-30T11:00:07.598244Z TRACE ThreadId(01) phase: init (tex_headers) (done)
2025-12-30T11:00:07.598246Z TRACE ThreadId(01) phase: init (Files) (start)
2025-12-30T11:00:07.598247Z TRACE ThreadId(01) phase: init (Files) (done)
2025-12-30T11:00:07.598249Z TRACE ThreadId(01) phase: init (Meta) (start)
2025-12-30T11:00:07.598251Z TRACE ThreadId(01) phase: init (Meta) (done)
2025-12-30T11:00:07.598252Z TRACE ThreadId(01) phase: init (Sign) (start)
2025-12-30T11:00:07.598253Z TRACE ThreadId(01) phase: init (Sign) (done)
2025-12-30T11:00:07.598255Z TRACE ThreadId(01) phase: init (summary) (start)
2025-12-30T11:00:07.598256Z TRACE ThreadId(01) phase: init (summary) (done)
2025-12-30T11:00:07.598258Z TRACE ThreadId(01) phase: init (Rapifier) (start)
2025-12-30T11:00:07.598259Z TRACE ThreadId(01) phase: init (Rapifier) (done)
2025-12-30T11:00:07.598261Z TRACE ThreadId(01) phase: init (SQF) (start)
2025-12-30T11:00:07.598891Z TRACE ThreadId(01) failed to load arma 3 wiki from git: Failed to clone repository: 'C:\Users\Swift\AppData\Local\acemod\arma3-wiki\data' exists and is not an empty directory; class=Invalid (3); code=Exists (-4) e="Failed to clone repository: 'C:\\Users\\Swift\\AppData\\Local\\acemod\\arma3-wiki\\data' exists and is not an empty directory; class=Invalid (3); code=Exists (-4)"
2025-12-30T11:00:07.599002Z  WARN ThreadId(01) Failed to load Arma 3 wiki from git, falling back to bundled version
2025-12-30T11:00:07.665400Z TRACE ThreadId(01) phase: init (SQF) (done)
2025-12-30T11:00:07.665425Z TRACE ThreadId(01) phase: init (Stringtables) (start)
2025-12-30T11:00:07.665428Z TRACE ThreadId(01) phase: init (Stringtables) (done)
2025-12-30T11:00:07.665431Z TRACE ThreadId(01) phase: check (BOM Check) (start)
2025-12-30T11:00:07.666454Z TRACE ThreadId(01) phase: check (BOM Check) (done)
2025-12-30T11:00:07.666471Z TRACE ThreadId(01) phase: check (Final New Line Check) (start)
2025-12-30T11:00:07.667100Z TRACE ThreadId(01) phase: check (Final New Line Check) (done)
2025-12-30T11:00:07.667110Z TRACE ThreadId(01) phase: check (Hooks) (start)
2025-12-30T11:00:07.667112Z TRACE ThreadId(01) phase: check (Hooks) (done)
2025-12-30T11:00:07.667114Z TRACE ThreadId(01) phase: check (Binarize) (start)
2025-12-30T11:00:07.672060Z  INFO ThreadId(01) Validated 0 files for binarization
2025-12-30T11:00:07.672077Z TRACE ThreadId(01) phase: check (Binarize) (done)
2025-12-30T11:00:07.672080Z TRACE ThreadId(01) phase: check (tex_headers) (start)
2025-12-30T11:00:07.672082Z TRACE ThreadId(01) phase: check (tex_headers) (done)
2025-12-30T11:00:07.672084Z TRACE ThreadId(01) phase: check (Files) (start)
2025-12-30T11:00:07.672091Z TRACE ThreadId(01) phase: check (Files) (done)
2025-12-30T11:00:07.672094Z TRACE ThreadId(01) phase: check (Meta) (start)
2025-12-30T11:00:07.672095Z TRACE ThreadId(01) phase: check (Meta) (done)
2025-12-30T11:00:07.672097Z TRACE ThreadId(01) phase: check (Sign) (start)
2025-12-30T11:00:07.673155Z TRACE ThreadId(01) phase: check (Sign) (done)
2025-12-30T11:00:07.673163Z TRACE ThreadId(01) phase: check (summary) (start)
2025-12-30T11:00:07.673165Z TRACE ThreadId(01) phase: check (summary) (done)
2025-12-30T11:00:07.673166Z TRACE ThreadId(01) phase: check (Rapifier) (start)
2025-12-30T11:00:07.673221Z TRACE ThreadId(01) phase: check (Rapifier) (done)
2025-12-30T11:00:07.673223Z TRACE ThreadId(01) phase: check (SQF) (start)
2025-12-30T11:00:07.673279Z TRACE ThreadId(01) phase: check (SQF) (done)
2025-12-30T11:00:07.673281Z TRACE ThreadId(01) phase: check (Stringtables) (start)
2025-12-30T11:00:07.673304Z TRACE ThreadId(01) phase: check (Stringtables) (done)
2025-12-30T11:00:07.673307Z TRACE ThreadId(01) phase: pre_build (BOM Check) (start)
2025-12-30T11:00:07.673308Z TRACE ThreadId(01) phase: pre_build (BOM Check) (done)
2025-12-30T11:00:07.673310Z TRACE ThreadId(01) phase: pre_build (Final New Line Check) (start)
2025-12-30T11:00:07.673311Z TRACE ThreadId(01) phase: pre_build (Final New Line Check) (done)
2025-12-30T11:00:07.673313Z TRACE ThreadId(01) phase: pre_build (Hooks) (start)
2025-12-30T11:00:07.673316Z TRACE ThreadId(01) phase: pre_build (Hooks) (done)
2025-12-30T11:00:07.673317Z TRACE ThreadId(01) phase: pre_build (Binarize) (start)
2025-12-30T11:00:07.673872Z  INFO ThreadId(01) Binarized 0 files
2025-12-30T11:00:07.673884Z TRACE ThreadId(01) phase: pre_build (Binarize) (done)
2025-12-30T11:00:07.673886Z TRACE ThreadId(01) phase: pre_build (tex_headers) (start)
2025-12-30T11:00:07.869483Z DEBUG ThreadId(03) Writing texture headers to "/addons/core/texHeaders.bin"
2025-12-30T11:00:08.613205Z DEBUG ThreadId(04) Writing texture headers to "/addons/equipment/texHeaders.bin"
2025-12-30T11:00:08.613834Z  INFO ThreadId(01) Generated 2 texture headers
2025-12-30T11:00:08.613859Z TRACE ThreadId(01) phase: pre_build (tex_headers) (done)
2025-12-30T11:00:08.613864Z TRACE ThreadId(01) phase: pre_build (Files) (start)
2025-12-30T11:00:08.613867Z TRACE ThreadId(01) phase: pre_build (Files) (done)
2025-12-30T11:00:08.613870Z TRACE ThreadId(01) phase: pre_build (Meta) (start)
2025-12-30T11:00:08.613872Z TRACE ThreadId(01) phase: pre_build (Meta) (done)
2025-12-30T11:00:08.613874Z TRACE ThreadId(01) phase: pre_build (Sign) (start)
2025-12-30T11:00:08.613876Z TRACE ThreadId(01) phase: pre_build (Sign) (done)
2025-12-30T11:00:08.613878Z TRACE ThreadId(01) phase: pre_build (summary) (start)
2025-12-30T11:00:08.613880Z TRACE ThreadId(01) phase: pre_build (summary) (done)
2025-12-30T11:00:08.613882Z TRACE ThreadId(01) phase: pre_build (Rapifier) (start)
2025-12-30T11:00:08.791795Z  INFO ThreadId(01) Rapified 8 addon configs
2025-12-30T11:00:08.791874Z TRACE ThreadId(01) phase: pre_build (Rapifier) (done)
2025-12-30T11:00:08.791880Z TRACE ThreadId(01) phase: pre_build (SQF) (start)
2025-12-30T11:00:08.798922Z  INFO ThreadId(01) Compiled 0 sqf files
2025-12-30T11:00:08.799009Z TRACE ThreadId(01) phase: pre_build (SQF) (done)
2025-12-30T11:00:08.799014Z TRACE ThreadId(01) phase: pre_build (Stringtables) (start)
2025-12-30T11:00:08.802483Z  INFO ThreadId(01) Checked 0 stringtables
2025-12-30T11:00:08.802504Z TRACE ThreadId(01) phase: pre_build (Stringtables) (done)
2025-12-30T11:00:08.802509Z TRACE ThreadId(01) phase: build (start)
2025-12-30T11:00:08.803889Z DEBUG ThreadId(01) creating "E:\\GitHub\\A_Rebel_Mod\\.hemttout\\release\\addons"
2025-12-30T11:00:08.849716Z DEBUG ThreadId(01) building "addons/core" => "E:\\GitHub\\A_Rebel_Mod\\.hemttout\\release\\addons\\hca_core.pbo"
2025-12-30T11:00:08.851186Z TRACE ThreadId(01) adding file "config.bin"
2025-12-30T11:00:08.851473Z TRACE ThreadId(01) adding file "texHeaders.bin"
2025-12-30T11:00:08.851629Z TRACE ThreadId(01) adding file "data\\faces\\hl_sullustan_co.paa"
2025-12-30T11:00:08.851704Z TRACE ThreadId(01) adding file "data\\faces\\quarren_brown_co.paa"
2025-12-30T11:00:08.851762Z TRACE ThreadId(01) adding file "data\\objects\\screen_1_REB_weapons1_co.paa"
2025-12-30T11:00:08.851817Z TRACE ThreadId(01) adding file "data\\logos\\hclogo.paa"
2025-12-30T11:00:08.851870Z TRACE ThreadId(01) adding file "data\\logos\\hclogospraypaint_co.paa"
2025-12-30T11:00:08.851952Z TRACE ThreadId(01) adding file "TFAR\\config.bin"
2025-12-30T11:00:08.852008Z TRACE ThreadId(01) adding file "TFAR\\TFAR_Radios\\uiDefines.hpp"
2025-12-30T11:00:08.852060Z TRACE ThreadId(01) adding file "TFAR\\TFAR_Radios\\ui\\commlink.hpp"
2025-12-30T11:00:08.852111Z TRACE ThreadId(01) adding file "TFAR\\TFAR_Radios\\ui\\commlink_n.paa"
2025-12-30T11:00:08.852162Z TRACE ThreadId(01) adding file "TFAR\\TFAR_Radios\\ui\\commlink_icon.paa"
2025-12-30T11:00:08.852213Z TRACE ThreadId(01) adding file "TFAR\\TFAR_Radios\\ui\\hclr.hpp"
2025-12-30T11:00:08.852262Z TRACE ThreadId(01) adding file "TFAR\\TFAR_Radios\\ui\\commlink.paa"
2025-12-30T11:00:08.852312Z TRACE ThreadId(01) adding file "TFAR\\TFAR_Radios\\ui\\hclr.paa"
2025-12-30T11:00:08.977503Z DEBUG ThreadId(01) "E:\\GitHub\\A_Rebel_Mod\\.hemttout\\release\\addons" already exists
2025-12-30T11:00:08.977527Z DEBUG ThreadId(01) building "addons/equipment" => "E:\\GitHub\\A_Rebel_Mod\\.hemttout\\release\\addons\\hca_equipment.pbo"
2025-12-30T11:00:08.978852Z TRACE ThreadId(01) adding file "texHeaders.bin"
2025-12-30T11:00:08.978867Z TRACE ThreadId(01) adding file "config.bin"
2025-12-30T11:00:08.978896Z TRACE ThreadId(01) adding file "includes.hpp"
2025-12-30T11:00:08.979147Z TRACE ThreadId(01) adding file "data\\helmets\\HCA_commando_helmet_Endor_co.paa"
2025-12-30T11:00:08.979289Z TRACE ThreadId(01) adding file "data\\helmets\\HCA_Commando_Helmet_Cloud_co.paa"
2025-12-30T11:00:08.979367Z TRACE ThreadId(01) adding file "data\\helmets\\HCA_Commando_Helmet_Black_co.paa"
2025-12-30T11:00:08.979427Z TRACE ThreadId(01) adding file "data\\helmets\\HCA_Commando_Helmet_Desert_Co.paa"
2025-12-30T11:00:08.979457Z TRACE ThreadId(01) adding file "data\\backpacks\\HC_Rebel_Backpack_Black.rvmat"
2025-12-30T11:00:08.979490Z TRACE ThreadId(01) adding file "data\\backpacks\\HCA_Rebel_Backpack_Black_as.paa"
2025-12-30T11:00:08.979542Z TRACE ThreadId(01) adding file "data\\backpacks\\HCA_Rebel_Backpack_Black_co.paa"
2025-12-30T11:00:08.979595Z TRACE ThreadId(01) adding file "data\\backpacks\\HCA_Rebel_Backpack_Black_nohq.paa"
2025-12-30T11:00:08.979648Z TRACE ThreadId(01) adding file "data\\backpacks\\HCA_Rebel_Backpack_Black_smdi.paa"
2025-12-30T11:00:08.979756Z TRACE ThreadId(01) adding file "data\\uniforms\\Trooper_Navy\\NavyBlack.paa"
2025-12-30T11:00:08.979808Z TRACE ThreadId(01) adding file "data\\uniforms\\Trooper_Navy\\NavyBrown.paa"
2025-12-30T11:00:08.979859Z TRACE ThreadId(01) adding file "data\\uniforms\\Trooper_Navy\\NavyWhite.paa"
2025-12-30T11:00:08.979911Z TRACE ThreadId(01) adding file "data\\uniforms\\Trooper_Navy\\Navy_Hawaiian.paa"
2025-12-30T11:00:08.979963Z TRACE ThreadId(01) adding file "data\\uniforms\\Trooper_Navy\\NavyRed.paa"
2025-12-30T11:00:08.980028Z TRACE ThreadId(01) adding file "data\\uniforms\\Trooper_Navy\\NavyPurple.paa"
2025-12-30T11:00:08.980078Z TRACE ThreadId(01) adding file "data\\uniforms\\Trooper_Navy\\NavyBlue.paa"
2025-12-30T11:00:08.980130Z TRACE ThreadId(01) adding file "data\\uniforms\\Trooper_Navy\\NavyGreen.paa"
2025-12-30T11:00:08.980182Z TRACE ThreadId(01) adding file "data\\uniforms\\Commando_wear\\CommandoBrown.paa"
2025-12-30T11:00:08.980234Z TRACE ThreadId(01) adding file "data\\uniforms\\Commando_wear\\CommandoGray.paa"
2025-12-30T11:00:08.980284Z TRACE ThreadId(01) adding file "data\\uniforms\\Commando_wear\\CommandoGreen.paa"
2025-12-30T11:00:08.980333Z TRACE ThreadId(01) adding file "data\\uniforms\\Commando_wear\\CommandoBlue.paa"
2025-12-30T11:00:08.980391Z TRACE ThreadId(01) adding file "data\\uniforms\\Commando_wear\\CommandoPurple.paa"
2025-12-30T11:00:08.980443Z TRACE ThreadId(01) adding file "data\\uniforms\\Commando_wear\\CommandoRed.paa"
2025-12-30T11:00:09.793187Z DEBUG ThreadId(01) "E:\\GitHub\\A_Rebel_Mod\\.hemttout\\release\\addons" already exists
2025-12-30T11:00:09.793215Z DEBUG ThreadId(01) building "addons/imperials" => "E:\\GitHub\\A_Rebel_Mod\\.hemttout\\release\\addons\\hca_imperials.pbo"
2025-12-30T11:00:09.793821Z TRACE ThreadId(01) adding file "HC_Army\\includes.hpp"
2025-12-30T11:00:09.793908Z TRACE ThreadId(01) adding file "HC_Army\\config.bin"
2025-12-30T11:00:09.793968Z TRACE ThreadId(01) adding file "HC_Stormtroopers\\includes.hpp"
2025-12-30T11:00:09.794036Z TRACE ThreadId(01) adding file "HC_Stormtroopers\\config.bin"
2025-12-30T11:00:09.826886Z DEBUG ThreadId(01) "E:\\GitHub\\A_Rebel_Mod\\.hemttout\\release\\addons" already exists
2025-12-30T11:00:09.826912Z DEBUG ThreadId(01) building "addons/vehicles" => "E:\\GitHub\\A_Rebel_Mod\\.hemttout\\release\\addons\\hca_vehicles.pbo"
2025-12-30T11:00:09.827417Z TRACE ThreadId(01) adding file "config.bin"
2025-12-30T11:00:09.827618Z TRACE ThreadId(01) adding file "data\\model.cfg"
2025-12-30T11:00:09.859298Z DEBUG ThreadId(01) "E:\\GitHub\\A_Rebel_Mod\\.hemttout\\release\\addons" already exists
2025-12-30T11:00:09.859321Z DEBUG ThreadId(01) building "addons/weapons" => "E:\\GitHub\\A_Rebel_Mod\\.hemttout\\release\\addons\\hca_weapons.pbo"
2025-12-30T11:00:09.859584Z TRACE ThreadId(01) adding file "config.bin"
2025-12-30T11:00:09.891553Z  INFO ThreadId(01) Built 5 PBOs
2025-12-30T11:00:09.891589Z TRACE ThreadId(01) phase: build (done)
2025-12-30T11:00:09.891595Z TRACE ThreadId(01) phase: post_build (BOM Check) (start)
2025-12-30T11:00:09.891598Z TRACE ThreadId(01) phase: post_build (BOM Check) (done)
2025-12-30T11:00:09.891600Z TRACE ThreadId(01) phase: post_build (Final New Line Check) (start)
2025-12-30T11:00:09.891601Z TRACE ThreadId(01) phase: post_build (Final New Line Check) (done)
2025-12-30T11:00:09.891603Z TRACE ThreadId(01) phase: post_build (Hooks) (start)
2025-12-30T11:00:09.891605Z TRACE ThreadId(01) phase: post_build (Hooks) (done)
2025-12-30T11:00:09.891607Z TRACE ThreadId(01) phase: post_build (Binarize) (start)
2025-12-30T11:00:09.891609Z TRACE ThreadId(01) phase: post_build (Binarize) (done)
2025-12-30T11:00:09.891610Z TRACE ThreadId(01) phase: post_build (tex_headers) (start)
2025-12-30T11:00:09.891612Z TRACE ThreadId(01) phase: post_build (tex_headers) (done)
2025-12-30T11:00:09.891614Z TRACE ThreadId(01) phase: post_build (Files) (start)
2025-12-30T11:00:10.023601Z DEBUG ThreadId(01) copying "/mod.cpp" => "E:\\GitHub\\A_Rebel_Mod\\.hemttout\\release\\mod.cpp"
2025-12-30T11:00:10.060215Z  INFO ThreadId(01) Copied 1 files
2025-12-30T11:00:10.060242Z TRACE ThreadId(01) phase: post_build (Files) (done)
2025-12-30T11:00:10.060245Z TRACE ThreadId(01) phase: post_build (Meta) (start)
2025-12-30T11:00:10.060247Z TRACE ThreadId(01) phase: post_build (Meta) (done)
2025-12-30T11:00:10.060248Z TRACE ThreadId(01) phase: post_build (Sign) (start)
2025-12-30T11:00:10.060250Z TRACE ThreadId(01) phase: post_build (Sign) (done)
2025-12-30T11:00:10.060251Z TRACE ThreadId(01) phase: post_build (summary) (start)
2025-12-30T11:00:10.089543Z TRACE ThreadId(01) phase: post_build (summary) (done)
2025-12-30T11:00:10.089569Z TRACE ThreadId(01) phase: post_build (Rapifier) (start)
2025-12-30T11:00:10.089571Z TRACE ThreadId(01) phase: post_build (Rapifier) (done)
2025-12-30T11:00:10.089573Z TRACE ThreadId(01) phase: post_build (SQF) (start)
2025-12-30T11:00:10.089581Z TRACE ThreadId(01) phase: post_build (SQF) (done)
2025-12-30T11:00:10.089583Z TRACE ThreadId(01) phase: post_build (Stringtables) (start)
2025-12-30T11:00:10.089585Z TRACE ThreadId(01) phase: post_build (Stringtables) (done)
2025-12-30T11:00:10.089589Z TRACE ThreadId(01) phase: pre_release (BOM Check) (start)
2025-12-30T11:00:10.089591Z TRACE ThreadId(01) phase: pre_release (BOM Check) (done)
2025-12-30T11:00:10.089592Z TRACE ThreadId(01) phase: pre_release (Final New Line Check) (start)
2025-12-30T11:00:10.089594Z TRACE ThreadId(01) phase: pre_release (Final New Line Check) (done)
2025-12-30T11:00:10.089595Z TRACE ThreadId(01) phase: pre_release (Hooks) (start)
2025-12-30T11:00:10.089603Z TRACE ThreadId(01) phase: pre_release (Hooks) (done)
2025-12-30T11:00:10.089606Z TRACE ThreadId(01) phase: pre_release (Binarize) (start)
2025-12-30T11:00:10.089608Z TRACE ThreadId(01) phase: pre_release (Binarize) (done)
2025-12-30T11:00:10.089610Z TRACE ThreadId(01) phase: pre_release (tex_headers) (start)
2025-12-30T11:00:10.089611Z TRACE ThreadId(01) phase: pre_release (tex_headers) (done)
2025-12-30T11:00:10.089613Z TRACE ThreadId(01) phase: pre_release (Files) (start)
2025-12-30T11:00:10.089614Z TRACE ThreadId(01) phase: pre_release (Files) (done)
2025-12-30T11:00:10.089616Z TRACE ThreadId(01) phase: pre_release (Meta) (start)
2025-12-30T11:00:10.089662Z TRACE ThreadId(01) phase: pre_release (Meta) (done)
2025-12-30T11:00:10.089664Z TRACE ThreadId(01) phase: pre_release (Sign) (start)
2025-12-30T11:00:10.142592Z DEBUG ThreadId(06) signing "E:\\GitHub\\A_Rebel_Mod\\.hemttout\\release\\addons\\hca_weapons.pbo.hca_1.0.4.3-4d450b81.bisign"
2025-12-30T11:00:10.142605Z DEBUG ThreadId(08) signing "E:\\GitHub\\A_Rebel_Mod\\.hemttout\\release\\addons\\hca_vehicles.pbo.hca_1.0.4.3-4d450b81.bisign"
2025-12-30T11:00:10.142666Z DEBUG ThreadId(05) signing "E:\\GitHub\\A_Rebel_Mod\\.hemttout\\release\\addons\\hca_imperials.pbo.hca_1.0.4.3-4d450b81.bisign"
2025-12-30T11:00:10.142985Z DEBUG ThreadId(03) signing "E:\\GitHub\\A_Rebel_Mod\\.hemttout\\release\\addons\\hca_core.pbo.hca_1.0.4.3-4d450b81.bisign"
2025-12-30T11:00:10.143656Z DEBUG ThreadId(04) signing "E:\\GitHub\\A_Rebel_Mod\\.hemttout\\release\\addons\\hca_equipment.pbo.hca_1.0.4.3-4d450b81.bisign"
2025-12-30T11:00:10.272604Z TRACE ThreadId(01) phase: pre_release (Sign) (done)
2025-12-30T11:00:10.272628Z TRACE ThreadId(01) phase: pre_release (summary) (start)
2025-12-30T11:00:10.272631Z TRACE ThreadId(01) phase: pre_release (summary) (done)
2025-12-30T11:00:10.272633Z TRACE ThreadId(01) phase: pre_release (Rapifier) (start)
2025-12-30T11:00:10.272634Z TRACE ThreadId(01) phase: pre_release (Rapifier) (done)
2025-12-30T11:00:10.272636Z TRACE ThreadId(01) phase: pre_release (SQF) (start)
2025-12-30T11:00:10.272638Z TRACE ThreadId(01) phase: pre_release (SQF) (done)
2025-12-30T11:00:10.272640Z TRACE ThreadId(01) phase: pre_release (Stringtables) (start)
2025-12-30T11:00:10.272641Z TRACE ThreadId(01) phase: pre_release (Stringtables) (done)
2025-12-30T11:00:10.272645Z TRACE ThreadId(01) phase: archive (start)
2025-12-30T11:00:10.272647Z TRACE ThreadId(01) phase: archive (BOM Check) (start)
2025-12-30T11:00:10.272649Z TRACE ThreadId(01) phase: archive (BOM Check) (done)
2025-12-30T11:00:10.272650Z TRACE ThreadId(01) phase: archive (Final New Line Check) (start)
2025-12-30T11:00:10.272652Z TRACE ThreadId(01) phase: archive (Final New Line Check) (done)
2025-12-30T11:00:10.272654Z TRACE ThreadId(01) phase: archive (Hooks) (start)
2025-12-30T11:00:10.272656Z TRACE ThreadId(01) phase: archive (Hooks) (done)
2025-12-30T11:00:10.272657Z TRACE ThreadId(01) phase: archive (Binarize) (start)
2025-12-30T11:00:10.272659Z TRACE ThreadId(01) phase: archive (Binarize) (done)
2025-12-30T11:00:10.272660Z TRACE ThreadId(01) phase: archive (tex_headers) (start)
2025-12-30T11:00:10.272662Z TRACE ThreadId(01) phase: archive (tex_headers) (done)
2025-12-30T11:00:10.272663Z TRACE ThreadId(01) phase: archive (Files) (start)
2025-12-30T11:00:10.272665Z TRACE ThreadId(01) phase: archive (Files) (done)
2025-12-30T11:00:10.272666Z TRACE ThreadId(01) phase: archive (Meta) (start)
2025-12-30T11:00:10.272667Z TRACE ThreadId(01) phase: archive (Meta) (done)
2025-12-30T11:00:10.272669Z TRACE ThreadId(01) phase: archive (Sign) (start)
2025-12-30T11:00:10.272670Z TRACE ThreadId(01) phase: archive (Sign) (done)
2025-12-30T11:00:10.272672Z TRACE ThreadId(01) phase: archive (summary) (start)
2025-12-30T11:00:10.272673Z TRACE ThreadId(01) phase: archive (summary) (done)
2025-12-30T11:00:10.272674Z TRACE ThreadId(01) phase: archive (Rapifier) (start)
2025-12-30T11:00:10.272676Z TRACE ThreadId(01) phase: archive (Rapifier) (done)
2025-12-30T11:00:10.272683Z TRACE ThreadId(01) phase: archive (SQF) (start)
2025-12-30T11:00:10.272687Z TRACE ThreadId(01) phase: archive (SQF) (done)
2025-12-30T11:00:10.272688Z TRACE ThreadId(01) phase: archive (Stringtables) (start)
2025-12-30T11:00:10.272689Z TRACE ThreadId(01) phase: archive (Stringtables) (done)
2025-12-30T11:00:10.272710Z TRACE ThreadId(01) using releases folder: "E:\\GitHub\\A_Rebel_Mod\\releases"
2025-12-30T11:00:10.272760Z DEBUG ThreadId(01) creating release at "E:\\GitHub\\A_Rebel_Mod\\releases\\hca-latest.zip"
2025-12-30T11:00:10.272839Z TRACE ThreadId(01) zip: creating directory "@hca/addons"
2025-12-30T11:00:10.272864Z TRACE ThreadId(01) zip: adding file "@hca/addons/hca_core.pbo"
2025-12-30T11:00:10.272876Z TRACE ThreadId(01) zip: adding file "@hca/addons/hca_equipment.pbo"
2025-12-30T11:00:10.272888Z TRACE ThreadId(01) zip: adding file "@hca/addons/hca_imperials.pbo"
2025-12-30T11:00:10.272900Z TRACE ThreadId(01) zip: adding file "@hca/addons/hca_vehicles.pbo"
2025-12-30T11:00:10.272913Z TRACE ThreadId(01) zip: adding file "@hca/addons/hca_weapons.pbo"
2025-12-30T11:00:10.272925Z TRACE ThreadId(01) zip: adding file "@hca/addons/hca_weapons.pbo.hca_1.0.4.3-4d450b81.bisign"
2025-12-30T11:00:10.272938Z TRACE ThreadId(01) zip: adding file "@hca/addons/hca_vehicles.pbo.hca_1.0.4.3-4d450b81.bisign"
2025-12-30T11:00:10.272950Z TRACE ThreadId(01) zip: adding file "@hca/addons/hca_imperials.pbo.hca_1.0.4.3-4d450b81.bisign"
2025-12-30T11:00:10.272962Z TRACE ThreadId(01) zip: adding file "@hca/addons/hca_core.pbo.hca_1.0.4.3-4d450b81.bisign"
2025-12-30T11:00:10.272973Z TRACE ThreadId(01) zip: adding file "@hca/addons/hca_equipment.pbo.hca_1.0.4.3-4d450b81.bisign"
2025-12-30T11:00:10.272990Z TRACE ThreadId(01) zip: adding file "@hca/mod.cpp"
2025-12-30T11:00:10.273007Z TRACE ThreadId(01) zip: creating directory "@hca/keys"
2025-12-30T11:00:10.273022Z TRACE ThreadId(01) zip: adding file "@hca/keys/hca_1.0.4.3-4d450b81.bikey"
2025-12-30T11:00:11.756685Z  INFO ThreadId(01) Created release: E:\GitHub\A_Rebel_Mod\releases\hca-latest.zip
2025-12-30T11:00:11.756830Z  INFO ThreadId(01) Created release: E:\GitHub\A_Rebel_Mod\releases\hca-1.0.4.3-4d450b81.zip
2025-12-30T11:00:12.685718Z TRACE ThreadId(01) phase: archive (done)
2025-12-30T11:00:12.685747Z TRACE ThreadId(01) phase: post_release (BOM Check) (start)
2025-12-30T11:00:12.685751Z TRACE ThreadId(01) phase: post_release (BOM Check) (done)
2025-12-30T11:00:12.685753Z TRACE ThreadId(01) phase: post_release (Final New Line Check) (start)
2025-12-30T11:00:12.685756Z TRACE ThreadId(01) phase: post_release (Final New Line Check) (done)
2025-12-30T11:00:12.685758Z TRACE ThreadId(01) phase: post_release (Hooks) (start)
2025-12-30T11:00:12.685761Z TRACE ThreadId(01) phase: post_release (Hooks) (done)
2025-12-30T11:00:12.685763Z TRACE ThreadId(01) phase: post_release (Binarize) (start)
2025-12-30T11:00:12.685764Z TRACE ThreadId(01) phase: post_release (Binarize) (done)
2025-12-30T11:00:12.685767Z TRACE ThreadId(01) phase: post_release (tex_headers) (start)
2025-12-30T11:00:12.685768Z TRACE ThreadId(01) phase: post_release (tex_headers) (done)
2025-12-30T11:00:12.685770Z TRACE ThreadId(01) phase: post_release (Files) (start)
2025-12-30T11:00:12.685771Z TRACE ThreadId(01) phase: post_release (Files) (done)
2025-12-30T11:00:12.685773Z TRACE ThreadId(01) phase: post_release (Meta) (start)
2025-12-30T11:00:12.685774Z TRACE ThreadId(01) phase: post_release (Meta) (done)
2025-12-30T11:00:12.685776Z TRACE ThreadId(01) phase: post_release (Sign) (start)
2025-12-30T11:00:12.685777Z TRACE ThreadId(01) phase: post_release (Sign) (done)
2025-12-30T11:00:12.685779Z TRACE ThreadId(01) phase: post_release (summary) (start)
2025-12-30T11:00:12.685780Z TRACE ThreadId(01) phase: post_release (summary) (done)
2025-12-30T11:00:12.685782Z TRACE ThreadId(01) phase: post_release (Rapifier) (start)
2025-12-30T11:00:12.685783Z TRACE ThreadId(01) phase: post_release (Rapifier) (done)
2025-12-30T11:00:12.685785Z TRACE ThreadId(01) phase: post_release (SQF) (start)
2025-12-30T11:00:12.685786Z TRACE ThreadId(01) phase: post_release (SQF) (done)
2025-12-30T11:00:12.685793Z TRACE ThreadId(01) phase: post_release (Stringtables) (start)
2025-12-30T11:00:12.685797Z TRACE ThreadId(01) phase: post_release (Stringtables) (done)
2025-12-30T11:00:12.696498Z TRACE ThreadId(01) writing ci annotations to .hemttout/ci_annotations.txt
2025-12-30T11:00:12.697009Z TRACE ThreadId(01) Code L-C14 does not have a diagnostic, skipping
2025-12-30T11:00:12.697023Z TRACE ThreadId(01) Code L-C14 does not have a diagnostic, skipping
2025-12-30T11:00:12.697025Z TRACE ThreadId(01) Code L-C14 does not have a diagnostic, skipping
2025-12-30T11:00:12.697028Z TRACE ThreadId(01) Code L-C14 does not have a diagnostic, skipping
2025-12-30T11:00:12.697030Z TRACE ThreadId(01) Code L-C14 does not have a diagnostic, skipping
2025-12-30T11:00:12.697032Z TRACE ThreadId(01) Code L-C14 does not have a diagnostic, skipping
2025-12-30T11:00:12.697034Z TRACE ThreadId(01) Code L-C14 does not have a diagnostic, skipping
2025-12-30T11:00:12.697037Z TRACE ThreadId(01) Code L-C14 does not have a diagnostic, skipping
2025-12-30T11:00:12.697039Z TRACE ThreadId(01) Code L-C14 does not have a diagnostic, skipping
2025-12-30T11:00:12.697041Z TRACE ThreadId(01) Code L-C14 does not have a diagnostic, skipping
2025-12-30T11:00:12.697043Z TRACE ThreadId(01) Code L-C14 does not have a diagnostic, skipping
2025-12-30T11:00:12.697045Z TRACE ThreadId(01) Code L-C14 does not have a diagnostic, skipping
2025-12-30T11:00:12.697048Z TRACE ThreadId(01) Code L-C14 does not have a diagnostic, skipping
2025-12-30T11:00:12.697050Z TRACE ThreadId(01) Code L-C14 does not have a diagnostic, skipping
2025-12-30T11:00:12.697052Z TRACE ThreadId(01) Code L-C14 does not have a diagnostic, skipping
2025-12-30T11:00:12.697054Z TRACE ThreadId(01) Code L-C14 does not have a diagnostic, skipping
2025-12-30T11:00:12.697056Z TRACE ThreadId(01) Code L-C14 does not have a diagnostic, skipping
2025-12-30T11:00:12.697058Z TRACE ThreadId(01) Code L-C14 does not have a diagnostic, skipping
2025-12-30T11:00:12.697060Z TRACE ThreadId(01) Code L-C14 does not have a diagnostic, skipping
2025-12-30T11:00:12.697063Z TRACE ThreadId(01) Code L-C14 does not have a diagnostic, skipping
2025-12-30T11:00:12.697065Z TRACE ThreadId(01) Code L-C14 does not have a diagnostic, skipping
2025-12-30T11:00:12.697067Z TRACE ThreadId(01) Code L-C14 does not have a diagnostic, skipping
2025-12-30T11:00:12.697069Z TRACE ThreadId(01) Code L-C14 does not have a diagnostic, skipping
2025-12-30T11:00:12.697071Z TRACE ThreadId(01) Code L-C14 does not have a diagnostic, skipping
2025-12-30T11:00:12.697073Z TRACE ThreadId(01) Code L-C14 does not have a diagnostic, skipping
2025-12-30T11:00:12.697075Z TRACE ThreadId(01) Code L-C14 does not have a diagnostic, skipping
2025-12-30T11:00:12.697077Z TRACE ThreadId(01) Code L-C14 does not have a diagnostic, skipping
2025-12-30T11:00:12.697079Z TRACE ThreadId(01) Code L-C14 does not have a diagnostic, skipping
2025-12-30T11:00:12.697082Z TRACE ThreadId(01) Code L-C14 does not have a diagnostic, skipping
2025-12-30T11:00:12.697084Z TRACE ThreadId(01) Code L-C14 does not have a diagnostic, skipping
2025-12-30T11:00:12.697086Z TRACE ThreadId(01) Code L-C14 does not have a diagnostic, skipping
2025-12-30T11:00:12.697089Z TRACE ThreadId(01) wrote 13 ci annotations to .hemttout/ci_annotations.txt
